2026.08.28 12:21:51 INFO  Started: Metals version 1.6.8 in folders 'C:\Users\jhonh\Downloads\Semestre_8\Ingesoft V\S4\taller2-devops-calculadora' for client Visual Studio Code 1.134.0.
2026.08.28 12:21:51 INFO  Memory monitor started
2026.08.28 12:21:56 WARN  Using H2 2.4.240 which is newer than the version Flyway has been verified with. The latest verified version of H2 is 2.3.232.
2026.08.28 12:21:57 WARN  no build tool detected in workspace 'C:\Users\jhonh\Downloads\Semestre_8\Ingesoft V\S4\taller2-devops-calculadora'. The most common cause for this problem is that the editor was opened in the wrong working directory, for example if you use sbt then the workspace directory should contain build.sbt. 
2026.08.28 12:21:58 WARN  Build server is not auto-connectable.
2026.08.28 12:22:55 WARN  no build target for: C:\Users\jhonh\Downloads\Semestre_8\Ingesoft V\S4\taller2-devops-calculadora\backend\src\test\java\com\fase1\calculadora\AppTest.java
2026.08.28 12:22:55 INFO  no build target found for C:\Users\jhonh\Downloads\Semestre_8\Ingesoft V\S4\taller2-devops-calculadora\backend\src\test\java\com\fase1\calculadora\AppTest.java. Using fallback presentation compiler.
ago. 28, 2026 12:22:57 P. M. org.eclipse.lsp4j.jsonrpc.RemoteEndpoint handleCancellation
WARNING: Unmatched cancel notification for request id 1
2026.08.28 12:22:57 INFO  no build target found for C:\Users\jhonh\Downloads\Semestre_8\Ingesoft V\S4\taller2-devops-calculadora\backend\src\test\java\com\fase1\calculadora\AppTest.java. Using fallback presentation compiler.
2026.08.28 12:22:57 INFO  no build target found for C:\Users\jhonh\Downloads\Semestre_8\Ingesoft V\S4\taller2-devops-calculadora\backend\src\test\java\com\fase1\calculadora\AppTest.java. Using fallback presentation compiler.
ago. 28, 2026 12:22:59 P. M. org.eclipse.lsp4j.jsonrpc.RemoteEndpoint handleCancellation
WARNING: Unmatched cancel notification for request id 4
2026.08.28 12:22:59 INFO  no build target found for C:\Users\jhonh\Downloads\Semestre_8\Ingesoft V\S4\taller2-devops-calculadora\backend\src\test\java\com\fase1\calculadora\AppTest.java. Using fallback presentation compiler.
2026.08.28 12:22:59 INFO  no build target found for C:\Users\jhonh\Downloads\Semestre_8\Ingesoft V\S4\taller2-devops-calculadora\backend\src\test\java\com\fase1\calculadora\AppTest.java. Using fallback presentation compiler.
2026.08.28 12:23:00 WARN  Running javac-semanticdb failed for file:///C:/Users/jhonh/Downloads/Semestre_8/Ingesoft%20V/S4/taller2-devops-calculadora/backend/src/test/java/com/fase1/calculadora/AppTest.java. Output:

2026.08.28 12:23:00 INFO  time: code lens generation in 2.48s
2026.08.28 12:23:00 INFO  no build target found for C:\Users\jhonh\Downloads\Semestre_8\Ingesoft V\S4\taller2-devops-calculadora\backend\src\test\java\com\fase1\calculadora\AppTest.java. Using fallback presentation compiler.
ago. 28, 2026 12:23:02 P. M. org.eclipse.lsp4j.jsonrpc.RemoteEndpoint handleCancellation
WARNING: Unmatched cancel notification for request id 10
ago. 28, 2026 12:23:02 P. M. org.eclipse.lsp4j.jsonrpc.RemoteEndpoint handleCancellation
WARNING: Unmatched cancel notification for request id 6
2026.08.28 12:23:02 INFO  no build target found for C:\Users\jhonh\Downloads\Semestre_8\Ingesoft V\S4\taller2-devops-calculadora\backend\src\test\java\com\fase1\calculadora\AppTest.java. Using fallback presentation compiler.
2026.08.28 12:25:55 WARN  no build target for: C:\Users\jhonh\Downloads\Semestre_8\Ingesoft V\S4\taller2-devops-calculadora\backend\src\main\java\com\fase1\calculadora\FrontendServer.java
2026.08.28 12:25:55 INFO  no build target found for C:\Users\jhonh\Downloads\Semestre_8\Ingesoft V\S4\taller2-devops-calculadora\backend\src\main\java\com\fase1\calculadora\FrontendServer.java. Using fallback presentation compiler.
2026.08.28 12:25:57 WARN  no build target for: C:\Users\jhonh\Downloads\Semestre_8\Ingesoft V\S4\taller2-devops-calculadora\backend\src\main\java\com\fase1\calculadora\FrontendServer.java
ago. 28, 2026 12:25:57 P. M. org.eclipse.lsp4j.jsonrpc.RemoteEndpoint handleCancellation
WARNING: Unmatched cancel notification for request id 11
2026.08.28 12:25:57 INFO  no build target found for C:\Users\jhonh\Downloads\Semestre_8\Ingesoft V\S4\taller2-devops-calculadora\backend\src\main\java\com\fase1\calculadora\FrontendServer.java. Using fallback presentation compiler.
2026.08.28 12:25:59 WARN  Running javac-semanticdb failed for file:///C:/Users/jhonh/Downloads/Semestre_8/Ingesoft%20V/S4/taller2-devops-calculadora/backend/src/main/java/com/fase1/calculadora/FrontendServer.java. Output:

ago. 28, 2026 12:25:59 P. M. org.eclipse.lsp4j.jsonrpc.RemoteEndpoint handleCancellation
WARNING: Unmatched cancel notification for request id 13
2026.08.28 12:25:59 INFO  no build target found for C:\Users\jhonh\Downloads\Semestre_8\Ingesoft V\S4\taller2-devops-calculadora\backend\src\main\java\com\fase1\calculadora\FrontendServer.java. Using fallback presentation compiler.
ago. 28, 2026 12:25:59 P. M. org.eclipse.lsp4j.jsonrpc.RemoteEndpoint handleCancellation
WARNING: Unmatched cancel notification for request id 14
2026.08.28 12:26:00 INFO  no build target found for C:\Users\jhonh\Downloads\Semestre_8\Ingesoft V\S4\taller2-devops-calculadora\backend\src\main\java\com\fase1\calculadora\FrontendServer.java. Using fallback presentation compiler.
2026.08.28 12:26:11 INFO  no build target found for C:\Users\jhonh\Downloads\Semestre_8\Ingesoft V\S4\taller2-devops-calculadora\backend\src\main\java\com\fase1\calculadora\FrontendServer.java. Using fallback presentation compiler.
2026.08.28 12:26:22 INFO  no build target found for C:\Users\jhonh\Downloads\Semestre_8\Ingesoft V\S4\taller2-devops-calculadora\backend\src\main\java\com\fase1\calculadora\FrontendServer.java. Using fallback presentation compiler.
2026.08.28 12:27:24 INFO  no build target found for C:\Users\jhonh\Downloads\Semestre_8\Ingesoft V\S4\taller2-devops-calculadora\backend\src\main\java\com\fase1\calculadora\FrontendServer.java. Using fallback presentation compiler.
2026.08.28 12:27:25 WARN  no build target for: C:\Users\jhonh\Downloads\Semestre_8\Ingesoft V\S4\taller2-devops-calculadora\backend\src\main\java\com\fase1\calculadora\FrontendServer.java
2026.08.28 12:27:24 INFO  no build target found for C:\Users\jhonh\Downloads\Semestre_8\Ingesoft V\S4\taller2-devops-calculadora\backend\src\main\java\com\fase1\calculadora\FrontendServer.java. Using fallback presentation compiler.
ago. 28, 2026 12:27:25 P. M. org.eclipse.lsp4j.jsonrpc.RemoteEndpoint handleCancellation
WARNING: Unmatched cancel notification for request id 25
2026.08.28 12:27:25 INFO  no build target found for C:\Users\jhonh\Downloads\Semestre_8\Ingesoft V\S4\taller2-devops-calculadora\backend\src\main\java\com\fase1\calculadora\FrontendServer.java. Using fallback presentation compiler.
2026.08.28 12:27:35 INFO  no build target found for C:\Users\jhonh\Downloads\Semestre_8\Ingesoft V\S4\taller2-devops-calculadora\backend\src\main\java\com\fase1\calculadora\FrontendServer.java. Using fallback presentation compiler.
2026.08.28 12:27:35 INFO  no build target found for C:\Users\jhonh\Downloads\Semestre_8\Ingesoft V\S4\taller2-devops-calculadora\backend\src\main\java\com\fase1\calculadora\FrontendServer.java. Using fallback presentation compiler.
2026.08.28 12:27:36 INFO  no build target found for C:\Users\jhonh\Downloads\Semestre_8\Ingesoft V\S4\taller2-devops-calculadora\backend\src\main\java\com\fase1\calculadora\FrontendServer.java. Using fallback presentation compiler.
2026.08.28 12:27:36 INFO  no build target found for C:\Users\jhonh\Downloads\Semestre_8\Ingesoft V\S4\taller2-devops-calculadora\backend\src\main\java\com\fase1\calculadora\FrontendServer.java. Using fallback presentation compiler.
2026.08.28 12:27:38 INFO  no build target found for C:\Users\jhonh\Downloads\Semestre_8\Ingesoft V\S4\taller2-devops-calculadora\backend\src\main\java\com\fase1\calculadora\FrontendServer.java. Using fallback presentation compiler.
2026.08.28 12:27:53 INFO  no build target found for C:\Users\jhonh\Downloads\Semestre_8\Ingesoft V\S4\taller2-devops-calculadora\backend\src\main\java\com\fase1\calculadora\FrontendServer.java. Using fallback presentation compiler.
2026.08.28 12:27:53 INFO  no build target found for C:\Users\jhonh\Downloads\Semestre_8\Ingesoft V\S4\taller2-devops-calculadora\backend\src\main\java\com\fase1\calculadora\FrontendServer.java. Using fallback presentation compiler.
2026.08.28 12:27:53 INFO  no build target found for C:\Users\jhonh\Downloads\Semestre_8\Ingesoft V\S4\taller2-devops-calculadora\backend\src\main\java\com\fase1\calculadora\FrontendServer.java. Using fallback presentation compiler.
2026.08.28 12:27:54 INFO  no build target found for C:\Users\jhonh\Downloads\Semestre_8\Ingesoft V\S4\taller2-devops-calculadora\backend\src\main\java\com\fase1\calculadora\FrontendServer.java. Using fallback presentation compiler.
2026.08.28 12:27:54 WARN  no build target for: C:\Users\jhonh\Downloads\Semestre_8\Ingesoft V\S4\taller2-devops-calculadora\backend\src\main\java\com\fase1\calculadora\FrontendServer.java
2026.08.28 12:27:54 INFO  no build target found for C:\Users\jhonh\Downloads\Semestre_8\Ingesoft V\S4\taller2-devops-calculadora\backend\src\main\java\com\fase1\calculadora\FrontendServer.java. Using fallback presentation compiler.
2026.08.28 12:27:55 WARN  Running javac-semanticdb failed for file:///C:/Users/jhonh/Downloads/Semestre_8/Ingesoft%20V/S4/taller2-devops-calculadora/backend/src/main/java/com/fase1/calculadora/FrontendServer.java. Output:

2026.08.28 12:27:55 INFO  no build target found for C:\Users\jhonh\Downloads\Semestre_8\Ingesoft V\S4\taller2-devops-calculadora\backend\src\main\java\com\fase1\calculadora\FrontendServer.java. Using fallback presentation compiler.
2026.08.28 12:27:55 INFO  no build target found for C:\Users\jhonh\Downloads\Semestre_8\Ingesoft V\S4\taller2-devops-calculadora\backend\src\main\java\com\fase1\calculadora\FrontendServer.java. Using fallback presentation compiler.
2026.08.28 12:27:55 INFO  no build target found for C:\Users\jhonh\Downloads\Semestre_8\Ingesoft V\S4\taller2-devops-calculadora\backend\src\main\java\com\fase1\calculadora\FrontendServer.java. Using fallback presentation compiler.
2026.08.28 12:28:12 INFO  no build target found for C:\Users\jhonh\Downloads\Semestre_8\Ingesoft V\S4\taller2-devops-calculadora\backend\src\main\java\com\fase1\calculadora\FrontendServer.java. Using fallback presentation compiler.
2026.08.28 12:28:13 INFO  no build target found for C:\Users\jhonh\Downloads\Semestre_8\Ingesoft V\S4\taller2-devops-calculadora\backend\src\main\java\com\fase1\calculadora\FrontendServer.java. Using fallback presentation compiler.
2026.08.28 12:28:15 INFO  no build target found for C:\Users\jhonh\Downloads\Semestre_8\Ingesoft V\S4\taller2-devops-calculadora\backend\src\main\java\com\fase1\calculadora\FrontendServer.java. Using fallback presentation compiler.
2026.08.28 12:28:15 INFO  no build target found for C:\Users\jhonh\Downloads\Semestre_8\Ingesoft V\S4\taller2-devops-calculadora\backend\src\main\java\com\fase1\calculadora\FrontendServer.java. Using fallback presentation compiler.
2026.08.28 12:28:18 INFO  no build target found for C:\Users\jhonh\Downloads\Semestre_8\Ingesoft V\S4\taller2-devops-calculadora\backend\src\main\java\com\fase1\calculadora\FrontendServer.java. Using fallback presentation compiler.
ago. 28, 2026 12:28:18 P. M. org.eclipse.lsp4j.jsonrpc.RemoteEndpoint handleCancellation
WARNING: Unmatched cancel notification for request id 61
2026.08.28 12:28:18 INFO  no build target found for C:\Users\jhonh\Downloads\Semestre_8\Ingesoft V\S4\taller2-devops-calculadora\backend\src\main\java\com\fase1\calculadora\FrontendServer.java. Using fallback presentation compiler.
2026.08.28 12:28:18 INFO  no build target found for C:\Users\jhonh\Downloads\Semestre_8\Ingesoft V\S4\taller2-devops-calculadora\backend\src\main\java\com\fase1\calculadora\FrontendServer.java. Using fallback presentation compiler.
2026.08.28 12:28:34 INFO  no build target found for C:\Users\jhonh\Downloads\Semestre_8\Ingesoft V\S4\taller2-devops-calculadora\backend\src\main\java\com\fase1\calculadora\FrontendServer.java. Using fallback presentation compiler.
2026.08.28 12:28:34 INFO  no build target found for C:\Users\jhonh\Downloads\Semestre_8\Ingesoft V\S4\taller2-devops-calculadora\backend\src\main\java\com\fase1\calculadora\FrontendServer.java. Using fallback presentation compiler.
2026.08.28 12:28:36 INFO  no build target found for C:\Users\jhonh\Downloads\Semestre_8\Ingesoft V\S4\taller2-devops-calculadora\backend\src\main\java\com\fase1\calculadora\FrontendServer.java. Using fallback presentation compiler.
2026.08.28 12:28:36 WARN  Running javac-semanticdb failed for file:///C:/Users/jhonh/Downloads/Semestre_8/Ingesoft%20V/S4/taller2-devops-calculadora/backend/src/main/java/com/fase1/calculadora/FrontendServer.java. Output:

2026.08.28 12:28:36 INFO  no build target found for C:\Users\jhonh\Downloads\Semestre_8\Ingesoft V\S4\taller2-devops-calculadora\backend\src\main\java\com\fase1\calculadora\FrontendServer.java. Using fallback presentation compiler.
2026.08.28 12:28:36 WARN  Running javac-semanticdb failed for file:///C:/Users/jhonh/Downloads/Semestre_8/Ingesoft%20V/S4/taller2-devops-calculadora/backend/src/main/java/com/fase1/calculadora/FrontendServer.java. Output:

2026.08.28 12:28:37 INFO  no build target found for C:\Users\jhonh\Downloads\Semestre_8\Ingesoft V\S4\taller2-devops-calculadora\backend\src\main\java\com\fase1\calculadora\FrontendServer.java. Using fallback presentation compiler.
2026.08.28 12:28:37 INFO  no build target found for C:\Users\jhonh\Downloads\Semestre_8\Ingesoft V\S4\taller2-devops-calculadora\backend\src\main\java\com\fase1\calculadora\FrontendServer.java. Using fallback presentation compiler.
2026.08.28 12:28:37 WARN  Running javac-semanticdb failed for file:///C:/Users/jhonh/Downloads/Semestre_8/Ingesoft%20V/S4/taller2-devops-calculadora/backend/src/main/java/com/fase1/calculadora/FrontendServer.java. Output:

2026.08.28 12:28:37 INFO  no build target found for C:\Users\jhonh\Downloads\Semestre_8\Ingesoft V\S4\taller2-devops-calculadora\backend\src\main\java\com\fase1\calculadora\FrontendServer.java. Using fallback presentation compiler.
2026.08.28 12:28:37 WARN  no build target for: C:\Users\jhonh\Downloads\Semestre_8\Ingesoft V\S4\taller2-devops-calculadora\backend\src\main\java\com\fase1\calculadora\FrontendServer.java
2026.08.28 12:28:39 INFO  no build target found for C:\Users\jhonh\Downloads\Semestre_8\Ingesoft V\S4\taller2-devops-calculadora\backend\src\main\java\com\fase1\calculadora\FrontendServer.java. Using fallback presentation compiler.
2026.08.28 12:28:40 INFO  no build target found for C:\Users\jhonh\Downloads\Semestre_8\Ingesoft V\S4\taller2-devops-calculadora\backend\src\main\java\com\fase1\calculadora\FrontendServer.java. Using fallback presentation compiler.
2026.08.28 12:28:40 INFO  no build target found for C:\Users\jhonh\Downloads\Semestre_8\Ingesoft V\S4\taller2-devops-calculadora\backend\src\main\java\com\fase1\calculadora\FrontendServer.java. Using fallback presentation compiler.
2026.08.28 12:28:41 INFO  no build target found for C:\Users\jhonh\Downloads\Semestre_8\Ingesoft V\S4\taller2-devops-calculadora\backend\src\main\java\com\fase1\calculadora\FrontendServer.java. Using fallback presentation compiler.
2026.08.28 12:28:41 INFO  no build target found for C:\Users\jhonh\Downloads\Semestre_8\Ingesoft V\S4\taller2-devops-calculadora\backend\src\main\java\com\fase1\calculadora\FrontendServer.java. Using fallback presentation compiler.
2026.08.28 12:28:43 INFO  no build target found for C:\Users\jhonh\Downloads\Semestre_8\Ingesoft V\S4\taller2-devops-calculadora\backend\src\main\java\com\fase1\calculadora\FrontendServer.java. Using fallback presentation compiler.
2026.08.28 12:28:43 INFO  no build target found for C:\Users\jhonh\Downloads\Semestre_8\Ingesoft V\S4\taller2-devops-calculadora\backend\src\main\java\com\fase1\calculadora\FrontendServer.java. Using fallback presentation compiler.
2026.08.28 12:28:44 INFO  no build target found for C:\Users\jhonh\Downloads\Semestre_8\Ingesoft V\S4\taller2-devops-calculadora\backend\src\main\java\com\fase1\calculadora\FrontendServer.java. Using fallback presentation compiler.
2026.08.28 12:28:44 INFO  no build target found for C:\Users\jhonh\Downloads\Semestre_8\Ingesoft V\S4\taller2-devops-calculadora\backend\src\main\java\com\fase1\calculadora\FrontendServer.java. Using fallback presentation compiler.
2026.08.28 12:28:44 INFO  no build target found for C:\Users\jhonh\Downloads\Semestre_8\Ingesoft V\S4\taller2-devops-calculadora\backend\src\main\java\com\fase1\calculadora\FrontendServer.java. Using fallback presentation compiler.
2026.08.28 12:28:47 INFO  no build target found for C:\Users\jhonh\Downloads\Semestre_8\Ingesoft V\S4\taller2-devops-calculadora\backend\src\main\java\com\fase1\calculadora\FrontendServer.java. Using fallback presentation compiler.
2026.08.28 12:28:47 INFO  no build target found for C:\Users\jhonh\Downloads\Semestre_8\Ingesoft V\S4\taller2-devops-calculadora\backend\src\main\java\com\fase1\calculadora\FrontendServer.java. Using fallback presentation compiler.
ago. 28, 2026 12:28:51 P. M. org.eclipse.lsp4j.jsonrpc.RemoteEndpoint handleCancellation
WARNING: Unmatched cancel notification for request id 102
2026.08.28 12:28:55 INFO  no build target found for C:\Users\jhonh\Downloads\Semestre_8\Ingesoft V\S4\taller2-devops-calculadora\backend\src\main\java\com\fase1\calculadora\FrontendServer.java. Using fallback presentation compiler.
2026.08.28 12:28:55 INFO  no build target found for C:\Users\jhonh\Downloads\Semestre_8\Ingesoft V\S4\taller2-devops-calculadora\backend\src\main\java\com\fase1\calculadora\FrontendServer.java. Using fallback presentation compiler.
2026.08.28 12:28:55 INFO  no build target found for C:\Users\jhonh\Downloads\Semestre_8\Ingesoft V\S4\taller2-devops-calculadora\backend\src\main\java\com\fase1\calculadora\FrontendServer.java. Using fallback presentation compiler.
2026.08.28 12:28:57 INFO  no build target found for C:\Users\jhonh\Downloads\Semestre_8\Ingesoft V\S4\taller2-devops-calculadora\backend\src\main\java\com\fase1\calculadora\FrontendServer.java. Using fallback presentation compiler.
2026.08.28 12:28:57 INFO  no build target found for C:\Users\jhonh\Downloads\Semestre_8\Ingesoft V\S4\taller2-devops-calculadora\backend\src\main\java\com\fase1\calculadora\FrontendServer.java. Using fallback presentation compiler.
2026.08.28 12:28:57 WARN  Running javac-semanticdb failed for file:///C:/Users/jhonh/Downloads/Semestre_8/Ingesoft%20V/S4/taller2-devops-calculadora/backend/src/main/java/com/fase1/calculadora/FrontendServer.java. Output:

2026.08.28 12:28:57 INFO  no build target found for C:\Users\jhonh\Downloads\Semestre_8\Ingesoft V\S4\taller2-devops-calculadora\backend\src\main\java\com\fase1\calculadora\FrontendServer.java. Using fallback presentation compiler.
2026.08.28 12:28:58 WARN  no build target for: C:\Users\jhonh\Downloads\Semestre_8\Ingesoft V\S4\taller2-devops-calculadora\backend\src\main\java\com\fase1\calculadora\FrontendServer.java
2026.08.28 12:28:58 INFO  no build target found for C:\Users\jhonh\Downloads\Semestre_8\Ingesoft V\S4\taller2-devops-calculadora\backend\src\main\java\com\fase1\calculadora\FrontendServer.java. Using fallback presentation compiler.
2026.08.28 12:28:59 WARN  Running javac-semanticdb failed for file:///C:/Users/jhonh/Downloads/Semestre_8/Ingesoft%20V/S4/taller2-devops-calculadora/backend/src/main/java/com/fase1/calculadora/FrontendServer.java. Output:

2026.08.28 12:28:58 INFO  no build target found for C:\Users\jhonh\Downloads\Semestre_8\Ingesoft V\S4\taller2-devops-calculadora\backend\src\main\java\com\fase1\calculadora\FrontendServer.java. Using fallback presentation compiler.
2026.08.28 12:29:00 WARN  no build target for: C:\Users\jhonh\Downloads\Semestre_8\Ingesoft V\S4\taller2-devops-calculadora\backend\src\main\java\com\fase1\calculadora\FrontendServer.java
